Archive member included to satisfy reference by file (symbol)

/root/gisunlink/build/bootloader/main/libmain.a(bootloader_start.o)
                              (call_start_cpu)
/root/gisunlink/build/bootloader/bootloader_support/libbootloader_support.a(bootloader_init.o)
                              /root/gisunlink/build/bootloader/main/libmain.a(bootloader_start.o) (bootloader_init)
/root/gisunlink/build/bootloader/bootloader_support/libbootloader_support.a(bootloader_utility.o)
                              /root/gisunlink/build/bootloader/main/libmain.a(bootloader_start.o) (bootloader_utility_load_partition_table)
/root/gisunlink/build/bootloader/bootloader_support/libbootloader_support.a(bootloader_common.o)
                              /root/gisunlink/build/bootloader/bootloader_support/libbootloader_support.a(bootloader_utility.o) (bootloader_common_ota_select_valid)
/root/gisunlink/build/bootloader/bootloader_support/libbootloader_support.a(flash_partitions.o)
                              /root/gisunlink/build/bootloader/bootloader_support/libbootloader_support.a(bootloader_utility.o) (esp_partition_table_basic_verify)
/root/gisunlink/build/bootloader/bootloader_support/libbootloader_support.a(esp_image_format.o)
                              /root/gisunlink/build/bootloader/bootloader_support/libbootloader_support.a(bootloader_utility.o) (esp_image_load)
/root/gisunlink/build/bootloader/bootloader_support/libbootloader_support.a(bootloader_flash.o)
                              /root/gisunlink/build/bootloader/bootloader_support/libbootloader_support.a(bootloader_utility.o) (bootloader_mmap)
/root/gisunlink/build/bootloader/spi_flash/libspi_flash.a(spi_flash.o)
                              /root/gisunlink/build/bootloader/bootloader_support/libbootloader_support.a(flash_partitions.o) (g_rom_flashchip)
/root/gisunlink/build/bootloader/spi_flash/libspi_flash.a(spi_flash_raw.o)
                              /root/gisunlink/build/bootloader/spi_flash/libspi_flash.a(spi_flash.o) (spi_flash_get_id_raw)
/root/gisunlink/build/bootloader/log/liblog.a(log.o)
                              /root/gisunlink/build/bootloader/bootloader_support/libbootloader_support.a(bootloader_common.o) (esp_log_early_timestamp)
/root/gisunlink/build/bootloader/esp8266/libesp8266.a(ets_printf.o)
                              /root/gisunlink/build/bootloader/log/liblog.a(log.o) (ets_vprintf)
/root/gisunlink/build/bootloader/esp8266/libesp8266.a(crc.o)
                              /root/gisunlink/build/bootloader/bootloader_support/libbootloader_support.a(bootloader_common.o) (crc32_le)
/root/esp/ESP8266_RTOS_SDK/components/esp8266/lib/libcore.a(phy.o)
                              /root/gisunlink/build/bootloader/bootloader_support/libbootloader_support.a(bootloader_init.o) (phy_reg_default)
/root/esp/ESP8266_RTOS_SDK/components/esp8266/lib/libcore.a(uart.o)
                              /root/gisunlink/build/bootloader/bootloader_support/libbootloader_support.a(bootloader_init.o) (uart_div_modify)

Allocating common symbols
Common symbol       size              file

esp_image_spi_freq_t
                    0x4               /root/gisunlink/build/bootloader/main/libmain.a(bootloader_start.o)

Discarded input sections

 .text          0x0000000000000000        0x0 /root/gisunlink/build/bootloader/main/libmain.a(bootloader_start.o)
 .data          0x0000000000000000        0x0 /root/gisunlink/build/bootloader/main/libmain.a(bootloader_start.o)
 .bss           0x0000000000000000        0x0 /root/gisunlink/build/bootloader/main/libmain.a(bootloader_start.o)
 .xt.lit        0x0000000000000000       0x18 /root/gisunlink/build/bootloader/main/libmain.a(bootloader_start.o)
 .xt.prop       0x0000000000000000       0xe4 /root/gisunlink/build/bootloader/main/libmain.a(bootloader_start.o)
 COMMON         0x0000000000000000        0x4 /root/gisunlink/build/bootloader/main/libmain.a(bootloader_start.o)
 .text          0x0000000000000000        0x0 /root/gisunlink/build/bootloader/bootloader_support/libbootloader_support.a(bootloader_init.o)
 .data          0x0000000000000000        0x0 /root/gisunlink/build/bootloader/bootloader_support/libbootloader_support.a(bootloader_init.o)
 .bss           0x0000000000000000        0x0 /root/gisunlink/build/bootloader/bootloader_support/libbootloader_support.a(bootloader_init.o)
 .xt.lit        0x0000000000000000       0x28 /root/gisunlink/build/bootloader/bootloader_support/libbootloader_support.a(bootloader_init.o)
 .xt.prop       0x0000000000000000      0x258 /root/gisunlink/build/bootloader/bootloader_support/libbootloader_support.a(bootloader_init.o)
 .text          0x0000000000000000        0x0 /root/gisunlink/build/bootloader/bootloader_support/libbootloader_support.a(bootloader_utility.o)
 .data          0x0000000000000000        0x0 /root/gisunlink/build/bootloader/bootloader_support/libbootloader_support.a(bootloader_utility.o)
 .bss           0x0000000000000000        0x0 /root/gisunlink/build/bootloader/bootloader_support/libbootloader_support.a(bootloader_utility.o)
 .xt.lit        0x0000000000000000       0x30 /root/gisunlink/build/bootloader/bootloader_support/libbootloader_support.a(bootloader_utility.o)
 .xt.prop       0x0000000000000000      0x4bc /root/gisunlink/build/bootloader/bootloader_support/libbootloader_support.a(bootloader_utility.o)
 .literal.bootloader_common_check_long_hold_gpio
                0x0000000000000000       0x58 /root/gisunlink/build/bootloader/bootloader_support/libbootloader_support.a(bootloader_common.o)
 .text          0x0000000000000000        0x0 /root/gisunlink/build/bootloader/bootloader_support/libbootloader_support.a(bootloader_common.o)
 .data          0x0000000000000000        0x0 /root/gisunlink/build/bootloader/bootloader_support/libbootloader_support.a(bootloader_common.o)
 .bss           0x0000000000000000        0x0 /root/gisunlink/build/bootloader/bootloader_support/libbootloader_support.a(bootloader_common.o)
 .text.bootloader_common_check_long_hold_gpio
                0x0000000000000000      0x22c /root/gisunlink/build/bootloader/bootloader_support/libbootloader_support.a(bootloader_common.o)
 .xt.lit        0x0000000000000000       0x18 /root/gisunlink/build/bootloader/bootloader_support/libbootloader_support.a(bootloader_common.o)
 .xt.prop       0x0000000000000000      0x420 /root/gisunlink/build/bootloader/bootloader_support/libbootloader_support.a(bootloader_common.o)
 .text          0x0000000000000000        0x0 /root/gisunlink/build/bootloader/bootloader_support/libbootloader_support.a(flash_partitions.o)
 .data          0x0000000000000000        0x0 /root/gisunlink/build/bootloader/bootloader_support/libbootloader_support.a(flash_partitions.o)
 .bss           0x0000000000000000        0x0 /root/gisunlink/build/bootloader/bootloader_support/libbootloader_support.a(flash_partitions.o)
 .xt.lit        0x0000000000000000        0x8 /root/gisunlink/build/bootloader/bootloader_support/libbootloader_support.a(flash_partitions.o)
 .xt.prop       0x0000000000000000       0xfc /root/gisunlink/build/bootloader/bootloader_support/libbootloader_support.a(flash_partitions.o)
 .literal.esp_image_verify_bootloader
                0x0000000000000000        0x8 /root/gisunlink/build/bootloader/bootloader_support/libbootloader_support.a(esp_image_format.o)
 .text          0x0000000000000000        0x0 /root/gisunlink/build/bootloader/bootloader_support/libbootloader_support.a(esp_image_format.o)
 .data          0x0000000000000000        0x0 /root/gisunlink/build/bootloader/bootloader_support/libbootloader_support.a(esp_image_format.o)
 .bss           0x0000000000000000        0x0 /root/gisunlink/build/bootloader/bootloader_support/libbootloader_support.a(esp_image_format.o)
 .text.esp_image_verify_bootloader
                0x0000000000000000       0x41 /root/gisunlink/build/bootloader/bootloader_support/libbootloader_support.a(esp_image_format.o)
 .xt.lit        0x0000000000000000       0x40 /root/gisunlink/build/bootloader/bootloader_support/libbootloader_support.a(esp_image_format.o)
 .xt.prop       0x0000000000000000      0x474 /root/gisunlink/build/bootloader/bootloader_support/libbootloader_support.a(esp_image_format.o)
 .literal.bootloader_flash_write
                0x0000000000000000       0x28 /root/gisunlink/build/bootloader/bootloader_support/libbootloader_support.a(bootloader_flash.o)
 .literal.bootloader_flash_erase_sector
                0x0000000000000000        0x4 /root/gisunlink/build/bootloader/bootloader_support/libbootloader_support.a(bootloader_flash.o)
 .text          0x0000000000000000        0x0 /root/gisunlink/build/bootloader/bootloader_support/libbootloader_support.a(bootloader_flash.o)
 .data          0x0000000000000000        0x0 /root/gisunlink/build/bootloader/bootloader_support/libbootloader_support.a(bootloader_flash.o)
 .bss           0x0000000000000000        0x0 /root/gisunlink/build/bootloader/bootloader_support/libbootloader_support.a(bootloader_flash.o)
 .text.bootloader_flash_write
                0x0000000000000000       0x9d /root/gisunlink/build/bootloader/bootloader_support/libbootloader_support.a(bootloader_flash.o)
 .text.bootloader_flash_erase_sector
                0x0000000000000000       0x15 /root/gisunlink/build/bootloader/bootloader_support/libbootloader_support.a(bootloader_flash.o)
 .xt.lit        0x0000000000000000       0x30 /root/gisunlink/build/bootloader/bootloader_support/libbootloader_support.a(bootloader_flash.o)
 .xt.prop       0x0000000000000000      0x264 /root/gisunlink/build/bootloader/bootloader_support/libbootloader_support.a(bootloader_flash.o)
 .literal.spi_flash_program
                0x0000000000000000       0x20 /root/gisunlink/build/bootloader/spi_flash/libspi_flash.a(spi_flash.o)
 .literal.__spi_flash_write
                0x0000000000000000        0x8 /root/gisunlink/build/bootloader/spi_flash/libspi_flash.a(spi_flash.o)
 .literal.__spi_flash_read
                0x0000000000000000       0x10 /root/gisunlink/build/bootloader/spi_flash/libspi_flash.a(spi_flash.o)
 .literal.spi_flash_write_status
                0x0000000000000000        0xc /root/gisunlink/build/bootloader/spi_flash/libspi_flash.a(spi_flash.o)
 .literal.spi_flash_check_wr_protect
                0x0000000000000000       0x4c /root/gisunlink/build/bootloader/spi_flash/libspi_flash.a(spi_flash.o)
 .literal.spi_flash_erase_sector
                0x0000000000000000       0x18 /root/gisunlink/build/bootloader/spi_flash/libspi_flash.a(spi_flash.o)
 .literal.spi_flash_read
                0x0000000000000000       0x24 /root/gisunlink/build/bootloader/spi_flash/libspi_flash.a(spi_flash.o)
 .literal.spi_flash_write
                0x0000000000000000       0x3c /root/gisunlink/build/bootloader/spi_flash/libspi_flash.a(spi_flash.o)
 .literal.spi_flash_erase_range
                0x0000000000000000       0x10 /root/gisunlink/build/bootloader/spi_flash/libspi_flash.a(spi_flash.o)
 .literal.spi_flash_cache2phys
                0x0000000000000000       0x14 /root/gisunlink/build/bootloader/spi_flash/libspi_flash.a(spi_flash.o)
 .literal.spi_flash_get_chip_size
                0x0000000000000000        0x4 /root/gisunlink/build/bootloader/spi_flash/libspi_flash.a(spi_flash.o)
 .text          0x0000000000000000        0x0 /root/gisunlink/build/bootloader/spi_flash/libspi_flash.a(spi_flash.o)
 .data          0x0000000000000000        0x0 /root/gisunlink/build/bootloader/spi_flash/libspi_flash.a(spi_flash.o)
 .bss           0x0000000000000000        0x0 /root/gisunlink/build/bootloader/spi_flash/libspi_flash.a(spi_flash.o)
 .text.spi_flash_program
                0x0000000000000000       0xcb /root/gisunlink/build/bootloader/spi_flash/libspi_flash.a(spi_flash.o)
 .text.__spi_flash_write
                0x0000000000000000       0x23 /root/gisunlink/build/bootloader/spi_flash/libspi_flash.a(spi_flash.o)
 .text.__spi_flash_read
                0x0000000000000000       0x31 /root/gisunlink/build/bootloader/spi_flash/libspi_flash.a(spi_flash.o)
 .text.spi_flash_write_status
                0x0000000000000000       0x2a /root/gisunlink/build/bootloader/spi_flash/libspi_flash.a(spi_flash.o)
 .text.spi_flash_check_wr_protect
                0x0000000000000000      0x161 /root/gisunlink/build/bootloader/spi_flash/libspi_flash.a(spi_flash.o)
 .text.spi_flash_erase_sector
                0x0000000000000000       0x56 /root/gisunlink/build/bootloader/spi_flash/libspi_flash.a(spi_flash.o)
 .text.spi_flash_read
                0x0000000000000000      0x110 /root/gisunlink/build/bootloader/spi_flash/libspi_flash.a(spi_flash.o)
 .text.spi_flash_write
                0x0000000000000000      0x170 /root/gisunlink/build/bootloader/spi_flash/libspi_flash.a(spi_flash.o)
 .text.spi_flash_erase_range
                0x0000000000000000       0x6d /root/gisunlink/build/bootloader/spi_flash/libspi_flash.a(spi_flash.o)
 .text.spi_flash_cache2phys
                0x0000000000000000       0x48 /root/gisunlink/build/bootloader/spi_flash/libspi_flash.a(spi_flash.o)
 .text.spi_flash_get_chip_size
                0x0000000000000000        0x7 /root/gisunlink/build/bootloader/spi_flash/libspi_flash.a(spi_flash.o)
 .xt.lit        0x0000000000000000       0xd0 /root/gisunlink/build/bootloader/spi_flash/libspi_flash.a(spi_flash.o)
 .xt.prop       0x0000000000000000      0xbdc /root/gisunlink/build/bootloader/spi_flash/libspi_flash.a(spi_flash.o)
 .literal.spi_flash_write_status_raw
                0x0000000000000000       0x1c /root/gisunlink/build/bootloader/spi_flash/libspi_flash.a(spi_flash_raw.o)
 .literal.spi_flash_erase_sector_raw
                0x0000000000000000       0x14 /root/gisunlink/build/bootloader/spi_flash/libspi_flash.a(spi_flash_raw.o)
 .literal.spi_flash_write_raw
                0x0000000000000000        0xc /root/gisunlink/build/bootloader/spi_flash/libspi_flash.a(spi_flash_raw.o)
 .literal.spi_flash_read_raw
                0x0000000000000000        0xc /root/gisunlink/build/bootloader/spi_flash/libspi_flash.a(spi_flash_raw.o)
 .text          0x0000000000000000        0x0 /root/gisunlink/build/bootloader/spi_flash/libspi_flash.a(spi_flash_raw.o)
 .data          0x0000000000000000        0x0 /root/gisunlink/build/bootloader/spi_flash/libspi_flash.a(spi_flash_raw.o)
 .bss           0x0000000000000000        0x0 /root/gisunlink/build/bootloader/spi_flash/libspi_flash.a(spi_flash_raw.o)
 .text.spi_flash_write_status_raw
                0x0000000000000000       0x5c /root/gisunlink/build/bootloader/spi_flash/libspi_flash.a(spi_flash_raw.o)
 .text.spi_flash_erase_sector_raw
                0x0000000000000000       0x54 /root/gisunlink/build/bootloader/spi_flash/libspi_flash.a(spi_flash_raw.o)
 .text.spi_flash_write_raw
                0x0000000000000000       0x43 /root/gisunlink/build/bootloader/spi_flash/libspi_flash.a(spi_flash_raw.o)
 .text.spi_flash_read_raw
                0x0000000000000000       0x43 /root/gisunlink/build/bootloader/spi_flash/libspi_flash.a(spi_flash_raw.o)
 .xt.lit        0x0000000000000000       0x58 /root/gisunlink/build/bootloader/spi_flash/libspi_flash.a(spi_flash_raw.o)
 .xt.prop       0x0000000000000000      0x360 /root/gisunlink/build/bootloader/spi_flash/libspi_flash.a(spi_flash_raw.o)
 .text          0x0000000000000000        0x0 /root/gisunlink/build/bootloader/log/liblog.a(log.o)
 .data          0x0000000000000000        0x0 /root/gisunlink/build/bootloader/log/liblog.a(log.o)
 .bss           0x0000000000000000        0x0 /root/gisunlink/build/bootloader/log/liblog.a(log.o)
 .xt.lit        0x0000000000000000       0x10 /root/gisunlink/build/bootloader/log/liblog.a(log.o)
 .xt.prop       0x0000000000000000       0xcc /root/gisunlink/build/bootloader/log/liblog.a(log.o)
 .text          0x0000000000000000        0x0 /root/gisunlink/build/bootloader/esp8266/libesp8266.a(ets_printf.o)
 .data          0x0000000000000000        0x0 /root/gisunlink/build/bootloader/esp8266/libesp8266.a(ets_printf.o)
 .bss           0x0000000000000000        0x0 /root/gisunlink/build/bootloader/esp8266/libesp8266.a(ets_printf.o)
 .xt.lit        0x0000000000000000       0x20 /root/gisunlink/build/bootloader/esp8266/libesp8266.a(ets_printf.o)
 .xt.prop       0x0000000000000000       0xcc /root/gisunlink/build/bootloader/esp8266/libesp8266.a(ets_printf.o)
 .literal.crc16_le
                0x0000000000000000        0x4 /root/gisunlink/build/bootloader/esp8266/libesp8266.a(crc.o)
 .literal.esp_crc8
                0x0000000000000000        0x4 /root/gisunlink/build/bootloader/esp8266/libesp8266.a(crc.o)
 .text          0x0000000000000000        0x0 /root/gisunlink/build/bootloader/esp8266/libesp8266.a(crc.o)
 .data          0x0000000000000000        0x0 /root/gisunlink/build/bootloader/esp8266/libesp8266.a(crc.o)
 .bss           0x0000000000000000        0x0 /root/gisunlink/build/bootloader/esp8266/libesp8266.a(crc.o)
 .text.crc16_le
                0x0000000000000000       0x39 /root/gisunlink/build/bootloader/esp8266/libesp8266.a(crc.o)
 .text.esp_crc8
                0x0000000000000000       0x21 /root/gisunlink/build/bootloader/esp8266/libesp8266.a(crc.o)
 .rodata.crc8_le_table
                0x0000000000000000      0x100 /root/gisunlink/build/bootloader/esp8266/libesp8266.a(crc.o)
 .rodata.crc16_le_table
                0x0000000000000000      0x200 /root/gisunlink/build/bootloader/esp8266/libesp8266.a(crc.o)
 .xt.lit        0x0000000000000000       0x18 /root/gisunlink/build/bootloader/esp8266/libesp8266.a(crc.o)
 .xt.prop       0x0000000000000000       0xfc /root/gisunlink/build/bootloader/esp8266/libesp8266.a(crc.o)
 .literal.phy_reg_default
                0x0000000000000000        0x0 /root/esp/ESP8266_RTOS_SDK/components/esp8266/lib/libcore.a(phy.o)
 .text          0x0000000000000000        0x0 /root/esp/ESP8266_RTOS_SDK/components/esp8266/lib/libcore.a(phy.o)
 .data          0x0000000000000000        0x0 /root/esp/ESP8266_RTOS_SDK/components/esp8266/lib/libcore.a(phy.o)
 .bss           0x0000000000000000        0x0 /root/esp/ESP8266_RTOS_SDK/components/esp8266/lib/libcore.a(phy.o)
 .xt.lit        0x0000000000000000        0x8 /root/esp/ESP8266_RTOS_SDK/components/esp8266/lib/libcore.a(phy.o)
 .xt.prop       0x0000000000000000       0x48 /root/esp/ESP8266_RTOS_SDK/components/esp8266/lib/libcore.a(phy.o)
 .literal.uart_buff_switch
                0x0000000000000000        0x0 /root/esp/ESP8266_RTOS_SDK/components/esp8266/lib/libcore.a(uart.o)
 .literal.uart_div_modify
                0x0000000000000000        0x0 /root/esp/ESP8266_RTOS_SDK/components/esp8266/lib/libcore.a(uart.o)
 .literal.Uart_Init
                0x0000000000000000        0x0 /root/esp/ESP8266_RTOS_SDK/components/esp8266/lib/libcore.a(uart.o)
 .text          0x0000000000000000        0x0 /root/esp/ESP8266_RTOS_SDK/components/esp8266/lib/libcore.a(uart.o)
 .data          0x0000000000000000        0x0 /root/esp/ESP8266_RTOS_SDK/components/esp8266/lib/libcore.a(uart.o)
 .bss           0x0000000000000000        0x0 /root/esp/ESP8266_RTOS_SDK/components/esp8266/lib/libcore.a(uart.o)
 .text.uart_buff_switch
                0x0000000000000000        0x2 /root/esp/ESP8266_RTOS_SDK/components/esp8266/lib/libcore.a(uart.o)
 .text.Uart_Init
                0x0000000000000000        0x2 /root/esp/ESP8266_RTOS_SDK/components/esp8266/lib/libcore.a(uart.o)
 .xt.lit        0x0000000000000000        0x8 /root/esp/ESP8266_RTOS_SDK/components/esp8266/lib/libcore.a(uart.o)
 .xt.prop       0x0000000000000000       0x78 /root/esp/ESP8266_RTOS_SDK/components/esp8266/lib/libcore.a(uart.o)

Memory Configuration

Name             Origin             Length             Attributes
dport0_seg       0x000000003ff00000 0x0000000000000010
dram_seg         0x000000003ffe8000 0x0000000000017c00
iram_seg         0x0000000040100000 0x0000000000008000
*default*        0x0000000000000000 0xffffffffffffffff

Linker script and memory map

START GROUP
LOAD /root/gisunlink/build/bootloader/main/libmain.a
LOAD /root/esp/ESP8266_RTOS_SDK/components/esp8266/lib/libcore.a
LOAD /root/gisunlink/build/bootloader/bootloader_support/libbootloader_support.a
LOAD /root/gisunlink/build/bootloader/spi_flash/libspi_flash.a
LOAD /root/gisunlink/build/bootloader/log/liblog.a
LOAD /root/gisunlink/build/bootloader/esp8266/libesp8266.a
LOAD /root/esp/ESP8266_RTOS_SDK/components/esp8266/lib/libgcc.a
LOAD /root/esp/xtensa-lx106-elf/bin/../lib/gcc/xtensa-lx106-elf/5.2.0/../../../../xtensa-lx106-elf/lib/libstdc++.a
LOAD /root/esp/xtensa-lx106-elf/bin/../lib/gcc/xtensa-lx106-elf/5.2.0/libgcov.a
END GROUP

.text           0x0000000040100000     0x1c7e
                0x0000000040100000                _stext = .
                0x0000000040100000                _text_start = ABSOLUTE (.)
                0x0000000040100000                . = ALIGN (0x10)
 *(.entry.text)
 *(.init.literal)
 *(.init)
 *(.literal .text .literal.* .text.* .stub .gnu.warning .gnu.linkonce.literal.* .gnu.linkonce.t.*.literal .gnu.linkonce.t.*)
 .literal.selected_boot_partition
                0x0000000040100000        0x0 /root/gisunlink/build/bootloader/main/libmain.a(bootloader_start.o)
                                          0x4 (size before relaxing)
 .literal.select_image
                0x0000000040100000        0xc /root/gisunlink/build/bootloader/main/libmain.a(bootloader_start.o)
                                         0x1c (size before relaxing)
 .literal.call_start_cpu
                0x000000004010000c        0x0 /root/gisunlink/build/bootloader/main/libmain.a(bootloader_start.o)
                                          0xc (size before relaxing)
 .literal.print_flash_info
                0x000000004010000c       0x48 /root/gisunlink/build/bootloader/bootloader_support/libbootloader_support.a(bootloader_init.o)
                                         0x54 (size before relaxing)
 .literal.uart_console_configure
                0x0000000040100054       0x1c /root/gisunlink/build/bootloader/bootloader_support/libbootloader_support.a(bootloader_init.o)
                                         0x20 (size before relaxing)
 .literal.update_flash_config
                0x0000000040100070        0x4 /root/gisunlink/build/bootloader/bootloader_support/libbootloader_support.a(bootloader_init.o)
                                          0x8 (size before relaxing)
 .literal.bootloader_main
                0x0000000040100074       0x10 /root/gisunlink/build/bootloader/bootloader_support/libbootloader_support.a(bootloader_init.o)
                                         0x34 (size before relaxing)
 .literal.bootloader_init
                0x0000000040100084        0x8 /root/gisunlink/build/bootloader/bootloader_support/libbootloader_support.a(bootloader_init.o)
                                         0x10 (size before relaxing)
 .literal.log_invalid_app_partition
                0x000000004010008c       0x14 /root/gisunlink/build/bootloader/bootloader_support/libbootloader_support.a(bootloader_utility.o)
                                         0x20 (size before relaxing)
 .literal.try_load_partition
                0x00000000401000a0        0x4 /root/gisunlink/build/bootloader/bootloader_support/libbootloader_support.a(bootloader_utility.o)
                                         0x10 (size before relaxing)
 .literal.bootloader_utility_load_partition_table
                0x00000000401000a4       0x4c /root/gisunlink/build/bootloader/bootloader_support/libbootloader_support.a(bootloader_utility.o)
                                         0x74 (size before relaxing)
 .literal.bootloader_utility_get_selected_boot_partition
                0x00000000401000f0       0x1c /root/gisunlink/build/bootloader/bootloader_support/libbootloader_support.a(bootloader_utility.o)
                                         0x5c (size before relaxing)
 .literal.bootloader_utility_load_boot_image
                0x000000004010010c        0xc /root/gisunlink/build/bootloader/bootloader_support/libbootloader_support.a(bootloader_utility.o)
                                         0x40 (size before relaxing)
 .literal.bootloader_utility_load_image
                0x0000000040100118        0x0 /root/gisunlink/build/bootloader/bootloader_support/libbootloader_support.a(bootloader_utility.o)
                                          0x4 (size before relaxing)
 .literal.bootloader_common_ota_select_crc
                0x0000000040100118        0x0 /root/gisunlink/build/bootloader/bootloader_support/libbootloader_support.a(bootloader_common.o)
                                          0x4 (size before relaxing)
 .literal.bootloader_common_ota_select_valid
                0x0000000040100118        0x0 /root/gisunlink/build/bootloader/bootloader_support/libbootloader_support.a(bootloader_common.o)
                                          0x4 (size before relaxing)
 .literal.esp_partition_table_basic_verify
                0x0000000040100118       0x1c /root/gisunlink/build/bootloader/bootloader_support/libbootloader_support.a(flash_partitions.o)
                                         0x2c (size before relaxing)
 .literal.should_map
                0x0000000040100134        0x8 /root/gisunlink/build/bootloader/bootloader_support/libbootloader_support.a(esp_image_format.o)
 .literal.should_load
                0x000000004010013c        0x0 /root/gisunlink/build/bootloader/bootloader_support/libbootloader_support.a(esp_image_format.o)
                                          0x4 (size before relaxing)
 .literal.verify_image_header
                0x000000004010013c       0x14 /root/gisunlink/build/bootloader/bootloader_support/libbootloader_support.a(esp_image_format.o)
                                         0x20 (size before relaxing)
 .literal.process_segment_data
                0x0000000040100150        0x8 /root/gisunlink/build/bootloader/bootloader_support/libbootloader_support.a(esp_image_format.o)
                                         0x14 (size before relaxing)
 .literal.verify_checksum
                0x0000000040100158        0x8 /root/gisunlink/build/bootloader/bootloader_support/libbootloader_support.a(esp_image_format.o)
                                         0x1c (size before relaxing)
 .literal.process_segment
                0x0000000040100160       0x18 /root/gisunlink/build/bootloader/bootloader_support/libbootloader_support.a(esp_image_format.o)
                                         0x40 (size before relaxing)
 .literal.esp_image_load
                0x0000000040100178       0x14 /root/gisunlink/build/bootloader/bootloader_support/libbootloader_support.a(esp_image_format.o)
                                         0x44 (size before relaxing)
 .literal.bootloader_flash_read_no_decrypt
                0x000000004010018c        0x4 /root/gisunlink/build/bootloader/bootloader_support/libbootloader_support.a(bootloader_flash.o)
 .literal.bootloader_mmap
                0x0000000040100190       0x2c /root/gisunlink/build/bootloader/bootloader_support/libbootloader_support.a(bootloader_flash.o)
                                         0x3c (size before relaxing)
 .literal.bootloader_munmap
                0x00000000401001bc        0x0 /root/gisunlink/build/bootloader/bootloader_support/libbootloader_support.a(bootloader_flash.o)
                                          0x8 (size before relaxing)
 .literal.bootloader_flash_read
                0x00000000401001bc        0xc /root/gisunlink/build/bootloader/bootloader_support/libbootloader_support.a(bootloader_flash.o)
                                         0x20 (size before relaxing)
 .literal.spi_user_cmd
                0x00000000401001c8        0x4 /root/gisunlink/build/bootloader/spi_flash/libspi_flash.a(spi_flash.o)
                                          0xc (size before relaxing)
 .literal.special_flash_read_status
                0x00000000401001cc        0x0 /root/gisunlink/build/bootloader/spi_flash/libspi_flash.a(spi_flash.o)
                                          0x4 (size before relaxing)
 .literal.flash_gd25q32c_read_status
                0x00000000401001cc        0x0 /root/gisunlink/build/bootloader/spi_flash/libspi_flash.a(spi_flash.o)
                                          0x4 (size before relaxing)
 .literal.special_flash_write_status
                0x00000000401001cc        0x0 /root/gisunlink/build/bootloader/spi_flash/libspi_flash.a(spi_flash.o)
                                          0x8 (size before relaxing)
 .literal.spi_flash_enable_qio_bit6
                0x00000000401001cc        0x0 /root/gisunlink/build/bootloader/spi_flash/libspi_flash.a(spi_flash.o)
                                          0x4 (size before relaxing)
 .literal.flash_gd25q32c_write_status
                0x00000000401001cc        0x0 /root/gisunlink/build/bootloader/spi_flash/libspi_flash.a(spi_flash.o)
                                          0x4 (size before relaxing)
 .literal.flash_gd25q32c_enable_QIO_mode
                0x00000000401001cc        0x0 /root/gisunlink/build/bootloader/spi_flash/libspi_flash.a(spi_flash.o)
                                          0xc (size before relaxing)
 .literal.en25q16x_read_sfdp
                0x00000000401001cc        0x4 /root/gisunlink/build/bootloader/spi_flash/libspi_flash.a(spi_flash.o)
                                          0x8 (size before relaxing)
 .literal.spi_flash_get_id
                0x00000000401001d0        0x0 /root/gisunlink/build/bootloader/spi_flash/libspi_flash.a(spi_flash.o)
                                          0xc (size before relaxing)
 .literal.spi_flash_read_status
                0x00000000401001d0        0x0 /root/gisunlink/build/bootloader/spi_flash/libspi_flash.a(spi_flash.o)
                                          0xc (size before relaxing)
 .literal.spi_flash_issi_enable_QIO_mode
                0x00000000401001d0        0x0 /root/gisunlink/build/bootloader/spi_flash/libspi_flash.a(spi_flash.o)
                                          0xc (size before relaxing)
 .literal.special_flash_set_mode
                0x00000000401001d0        0x0 /root/gisunlink/build/bootloader/spi_flash/libspi_flash.a(spi_flash.o)
                                          0x8 (size before relaxing)
 .literal.en25q16x_write_volatile_status
                0x00000000401001d0        0x0 /root/gisunlink/build/bootloader/spi_flash/libspi_flash.a(spi_flash.o)
                                         0x14 (size before relaxing)
 .literal.user_spi_flash_dio_to_qio_pre_init
                0x00000000401001d0        0xc /root/gisunlink/build/bootloader/spi_flash/libspi_flash.a(spi_flash.o)
                                         0x30 (size before relaxing)
 .literal.esp_spi_flash_init
                0x00000000401001dc       0x20 /root/gisunlink/build/bootloader/spi_flash/libspi_flash.a(spi_flash.o)
                                         0x28 (size before relaxing)
 .literal.Cache_Read_Disable_2
                0x00000000401001fc        0xc /root/gisunlink/build/bootloader/spi_flash/libspi_flash.a(spi_flash_raw.o)
                                         0x10 (size before relaxing)
 .literal.Cache_Read_Enable_2
                0x0000000040100208        0x4 /root/gisunlink/build/bootloader/spi_flash/libspi_flash.a(spi_flash_raw.o)
                                          0xc (size before relaxing)
 .literal.spi_flash_get_id_raw
                0x000000004010020c       0x10 /root/gisunlink/build/bootloader/spi_flash/libspi_flash.a(spi_flash_raw.o)
                                         0x1c (size before relaxing)
 .literal.spi_flash_read_status_raw
                0x000000004010021c        0x4 /root/gisunlink/build/bootloader/spi_flash/libspi_flash.a(spi_flash_raw.o)
                                          0xc (size before relaxing)
 .literal.spi_flash_enable_qmode_raw
                0x0000000040100220        0x4 /root/gisunlink/build/bootloader/spi_flash/libspi_flash.a(spi_flash_raw.o)
                                         0x10 (size before relaxing)
 .literal.spi_user_cmd_raw
                0x0000000040100224       0x64 /root/gisunlink/build/bootloader/spi_flash/libspi_flash.a(spi_flash_raw.o)
                                         0x8c (size before relaxing)
 .literal.spi_flash_switch_to_qio_raw
                0x0000000040100288        0x8 /root/gisunlink/build/bootloader/spi_flash/libspi_flash.a(spi_flash_raw.o)
                                          0xc (size before relaxing)
 .literal.uart_putc
                0x0000000040100290        0xc /root/gisunlink/build/bootloader/esp8266/libesp8266.a(ets_printf.o)
 .literal.ets_putc
                0x000000004010029c        0x0 /root/gisunlink/build/bootloader/esp8266/libesp8266.a(ets_printf.o)
                                          0x8 (size before relaxing)
 .literal.ets_vprintf
                0x000000004010029c        0x8 /root/gisunlink/build/bootloader/esp8266/libesp8266.a(ets_printf.o)
 .literal.ets_printf
                0x00000000401002a4        0x0 /root/gisunlink/build/bootloader/esp8266/libesp8266.a(ets_printf.o)
                                          0x4 (size before relaxing)
 .literal.crc32_le
                0x00000000401002a4        0x4 /root/gisunlink/build/bootloader/esp8266/libesp8266.a(crc.o)
 .iram1.0.literal
                0x00000000401002a8        0x8 /root/gisunlink/build/bootloader/log/liblog.a(log.o)
 .iram1.1.literal
                0x00000000401002b0       0x18 /root/gisunlink/build/bootloader/log/liblog.a(log.o)
                                         0x30 (size before relaxing)
 .text.selected_boot_partition
                0x00000000401002c8        0xf /root/gisunlink/build/bootloader/main/libmain.a(bootloader_start.o)
                                         0x13 (size before relaxing)
 *fill*         0x00000000401002d7        0x1 
 .text.select_image
                0x00000000401002d8       0x68 /root/gisunlink/build/bootloader/main/libmain.a(bootloader_start.o)
                                         0x70 (size before relaxing)
 .text.call_start_cpu
                0x0000000040100340       0x26 /root/gisunlink/build/bootloader/main/libmain.a(bootloader_start.o)
                                         0x2e (size before relaxing)
                0x0000000040100340                call_start_cpu
 *fill*         0x0000000040100366        0x2 
 .text.print_flash_info
                0x0000000040100368       0xc6 /root/gisunlink/build/bootloader/bootloader_support/libbootloader_support.a(bootloader_init.o)
                                         0xca (size before relaxing)
 *fill*         0x000000004010042e        0x2 
 .text.uart_console_configure
                0x0000000040100430       0x83 /root/gisunlink/build/bootloader/bootloader_support/libbootloader_support.a(bootloader_init.o)
                                         0x87 (size before relaxing)
 *fill*         0x00000000401004b3        0x1 
 .text.update_flash_config
                0x00000000401004b4       0x21 /root/gisunlink/build/bootloader/bootloader_support/libbootloader_support.a(bootloader_init.o)
 *fill*         0x00000000401004d5        0x3 
 .text.bootloader_main
                0x00000000401004d8       0x69 /root/gisunlink/build/bootloader/bootloader_support/libbootloader_support.a(bootloader_init.o)
                                         0x7d (size before relaxing)
 *fill*         0x0000000040100541        0x3 
 .text.bootloader_init
                0x0000000040100544       0x25 /root/gisunlink/build/bootloader/bootloader_support/libbootloader_support.a(bootloader_init.o)
                                         0x29 (size before relaxing)
                0x0000000040100544                bootloader_init
 *fill*         0x0000000040100569        0x3 
 .text.log_invalid_app_partition
                0x000000004010056c       0x4b /root/gisunlink/build/bootloader/bootloader_support/libbootloader_support.a(bootloader_utility.o)
                                         0x53 (size before relaxing)
 *fill*         0x00000000401005b7        0x1 
 .text.try_load_partition
                0x00000000401005b8       0x3d /root/gisunlink/build/bootloader/bootloader_support/libbootloader_support.a(bootloader_utility.o)
                                         0x41 (size before relaxing)
 *fill*         0x00000000401005f5        0x3 
 .text.bootloader_utility_load_partition_table
                0x00000000401005f8      0x171 /root/gisunlink/build/bootloader/bootloader_support/libbootloader_support.a(bootloader_utility.o)
                                        0x185 (size before relaxing)
                0x00000000401005f8                bootloader_utility_load_partition_table
 *fill*         0x0000000040100769        0x3 
 .text.bootloader_utility_get_selected_boot_partition
                0x000000004010076c      0x146 /root/gisunlink/build/bootloader/bootloader_support/libbootloader_support.a(bootloader_utility.o)
                                        0x15e (size before relaxing)
                0x000000004010076c                bootloader_utility_get_selected_boot_partition
 *fill*         0x00000000401008b2        0x2 
 .text.bootloader_utility_load_boot_image
                0x00000000401008b4       0xd6 /root/gisunlink/build/bootloader/bootloader_support/libbootloader_support.a(bootloader_utility.o)
                                         0xfa (size before relaxing)
                0x00000000401008b4                bootloader_utility_load_boot_image
 *fill*         0x000000004010098a        0x2 
 .text.bootloader_utility_load_image
                0x000000004010098c       0x21 /root/gisunlink/build/bootloader/bootloader_support/libbootloader_support.a(bootloader_utility.o)
                                         0x25 (size before relaxing)
                0x000000004010098c                bootloader_utility_load_image
 *fill*         0x00000000401009ad        0x3 
 .text.bootloader_common_ota_select_crc
                0x00000000401009b0       0x18 /root/gisunlink/build/bootloader/bootloader_support/libbootloader_support.a(bootloader_common.o)
                0x00000000401009b0                bootloader_common_ota_select_crc
 .text.bootloader_common_ota_select_valid
                0x00000000401009c8       0x2c /root/gisunlink/build/bootloader/bootloader_support/libbootloader_support.a(bootloader_common.o)
                0x00000000401009c8                bootloader_common_ota_select_valid
 .text.esp_partition_table_basic_verify
                0x00000000401009f4       0xe7 /root/gisunlink/build/bootloader/bootloader_support/libbootloader_support.a(flash_partitions.o)
                                         0xeb (size before relaxing)
                0x00000000401009f4                esp_partition_table_basic_verify
 *fill*         0x0000000040100adb        0x1 
 .text.should_map
                0x0000000040100adc       0x15 /root/gisunlink/build/bootloader/bootloader_support/libbootloader_support.a(esp_image_format.o)
 *fill*         0x0000000040100af1        0x3 
 .text.should_load
                0x0000000040100af4       0x19 /root/gisunlink/build/bootloader/bootloader_support/libbootloader_support.a(esp_image_format.o)
                                         0x1d (size before relaxing)
 *fill*         0x0000000040100b0d        0x3 
 .text.verify_image_header
                0x0000000040100b10       0x7d /root/gisunlink/build/bootloader/bootloader_support/libbootloader_support.a(esp_image_format.o)
                                         0x85 (size before relaxing)
 *fill*         0x0000000040100b8d        0x3 
 .text.process_segment_data
                0x0000000040100b90       0x87 /root/gisunlink/build/bootloader/bootloader_support/libbootloader_support.a(esp_image_format.o)
                                         0x8f (size before relaxing)
 *fill*         0x0000000040100c17        0x1 
 .text.verify_checksum
                0x0000000040100c18       0x92 /root/gisunlink/build/bootloader/bootloader_support/libbootloader_support.a(esp_image_format.o)
                                         0x9a (size before relaxing)
 *fill*         0x0000000040100caa        0x2 
 .text.process_segment
                0x0000000040100cac      0x11a /root/gisunlink/build/bootloader/bootloader_support/libbootloader_support.a(esp_image_format.o)
                                        0x12a (size before relaxing)
 *fill*         0x0000000040100dc6        0x2 
 .text.esp_image_load
                0x0000000040100dc8      0x193 /root/gisunlink/build/bootloader/bootloader_support/libbootloader_support.a(esp_image_format.o)
                                        0x1ab (size before relaxing)
                0x0000000040100dc8                esp_image_load
 *fill*         0x0000000040100f5b        0x1 
 .text.bootloader_flash_read_no_decrypt
                0x0000000040100f5c       0x15 /root/gisunlink/build/bootloader/bootloader_support/libbootloader_support.a(bootloader_flash.o)
 *fill*         0x0000000040100f71        0x3 
 .text.bootloader_mmap
                0x0000000040100f74       0xa6 /root/gisunlink/build/bootloader/bootloader_support/libbootloader_support.a(bootloader_flash.o)
                                         0xaa (size before relaxing)
                0x0000000040100f74                bootloader_mmap
 *fill*         0x000000004010101a        0x2 
 .text.bootloader_munmap
                0x000000004010101c       0x23 /root/gisunlink/build/bootloader/bootloader_support/libbootloader_support.a(bootloader_flash.o)
                0x000000004010101c                bootloader_munmap
 *fill*         0x000000004010103f        0x1 
 .text.bootloader_flash_read
                0x0000000040101040       0x5b /root/gisunlink/build/bootloader/bootloader_support/libbootloader_support.a(bootloader_flash.o)
                                         0x62 (size before relaxing)
                0x0000000040101040                bootloader_flash_read
 *fill*         0x000000004010109b        0x1 
 .text.spi_user_cmd
                0x000000004010109c       0x4d /root/gisunlink/build/bootloader/spi_flash/libspi_flash.a(spi_flash.o)
                0x000000004010109c                spi_user_cmd
 *fill*         0x00000000401010e9        0x3 
 .text.special_flash_read_status
                0x00000000401010ec       0x39 /root/gisunlink/build/bootloader/spi_flash/libspi_flash.a(spi_flash.o)
                                         0x3d (size before relaxing)
                0x00000000401010ec                special_flash_read_status
 *fill*         0x0000000040101125        0x3 
 .text.flash_gd25q32c_read_status
                0x0000000040101128       0x33 /root/gisunlink/build/bootloader/spi_flash/libspi_flash.a(spi_flash.o)
 *fill*         0x000000004010115b        0x1 
 .text.special_flash_write_status
                0x000000004010115c       0x59 /root/gisunlink/build/bootloader/spi_flash/libspi_flash.a(spi_flash.o)
                                         0x61 (size before relaxing)
                0x000000004010115c                special_flash_write_status
 *fill*         0x00000000401011b5        0x3 
 .text.spi_flash_enable_qio_bit6
                0x00000000401011b8       0x17 /root/gisunlink/build/bootloader/spi_flash/libspi_flash.a(spi_flash.o)
                                         0x1b (size before relaxing)
 *fill*         0x00000000401011cf        0x1 
 .text.flash_gd25q32c_write_status
                0x00000000401011d0       0x30 /root/gisunlink/build/bootloader/spi_flash/libspi_flash.a(spi_flash.o)
 .text.flash_gd25q32c_enable_QIO_mode
                0x0000000040101200       0x3e /root/gisunlink/build/bootloader/spi_flash/libspi_flash.a(spi_flash.o)
                                         0x46 (size before relaxing)
 *fill*         0x000000004010123e        0x2 
 .text.en25q16x_read_sfdp
                0x0000000040101240       0x43 /root/gisunlink/build/bootloader/spi_flash/libspi_flash.a(spi_flash.o)
                0x0000000040101240                en25q16x_read_sfdp
 *fill*         0x0000000040101283        0x1 
 .text.spi_flash_get_id
                0x0000000040101284       0x26 /root/gisunlink/build/bootloader/spi_flash/libspi_flash.a(spi_flash.o)
                0x0000000040101284                spi_flash_get_id
 *fill*         0x00000000401012aa        0x2 
 .text.spi_flash_read_status
                0x00000000401012ac       0x28 /root/gisunlink/build/bootloader/spi_flash/libspi_flash.a(spi_flash.o)
                0x00000000401012ac                spi_flash_read_status
 .text.spi_flash_issi_enable_QIO_mode
                0x00000000401012d4       0x43 /root/gisunlink/build/bootloader/spi_flash/libspi_flash.a(spi_flash.o)
                                         0x4b (size before relaxing)
 *fill*         0x0000000040101317        0x1 
 .text.special_flash_set_mode
                0x0000000040101318       0x40 /root/gisunlink/build/bootloader/spi_flash/libspi_flash.a(spi_flash.o)
                                         0x44 (size before relaxing)
                0x0000000040101318                special_flash_set_mode
 .text.en25q16x_write_volatile_status
                0x0000000040101358       0x4f /root/gisunlink/build/bootloader/spi_flash/libspi_flash.a(spi_flash.o)
                                         0x5b (size before relaxing)
                0x0000000040101358                en25q16x_write_volatile_status
 *fill*         0x00000000401013a7        0x1 
 .text.user_spi_flash_dio_to_qio_pre_init
                0x00000000401013a8       0xb9 /root/gisunlink/build/bootloader/spi_flash/libspi_flash.a(spi_flash.o)
                                         0xc5 (size before relaxing)
                0x00000000401013a8                user_spi_flash_dio_to_qio_pre_init
 *fill*         0x0000000040101461        0x3 
 .text.esp_spi_flash_init
                0x0000000040101464       0xc1 /root/gisunlink/build/bootloader/spi_flash/libspi_flash.a(spi_flash.o)
                                         0xc5 (size before relaxing)
                0x0000000040101464                esp_spi_flash_init
 *fill*         0x0000000040101525        0x3 
 .text.Cache_Read_Disable_2
                0x0000000040101528       0x34 /root/gisunlink/build/bootloader/spi_flash/libspi_flash.a(spi_flash_raw.o)
                0x0000000040101528                Cache_Read_Disable_2
 .text.Cache_Read_Enable_2
                0x000000004010155c       0x28 /root/gisunlink/build/bootloader/spi_flash/libspi_flash.a(spi_flash_raw.o)
                0x000000004010155c                Cache_Read_Enable_New
                0x000000004010155c                Cache_Read_Enable_2
 .text.spi_flash_get_id_raw
                0x0000000040101584       0x57 /root/gisunlink/build/bootloader/spi_flash/libspi_flash.a(spi_flash_raw.o)
                0x0000000040101584                spi_flash_get_id_raw
 *fill*         0x00000000401015db        0x1 
 .text.spi_flash_read_status_raw
                0x00000000401015dc       0x2f /root/gisunlink/build/bootloader/spi_flash/libspi_flash.a(spi_flash_raw.o)
                                         0x33 (size before relaxing)
                0x00000000401015dc                spi_flash_read_status_raw
 *fill*         0x000000004010160b        0x1 
 .text.spi_flash_enable_qmode_raw
                0x000000004010160c       0x33 /root/gisunlink/build/bootloader/spi_flash/libspi_flash.a(spi_flash_raw.o)
                                         0x37 (size before relaxing)
                0x000000004010160c                spi_flash_enable_qmode_raw
 *fill*         0x000000004010163f        0x1 
 .text.spi_user_cmd_raw
                0x0000000040101640      0x3d7 /root/gisunlink/build/bootloader/spi_flash/libspi_flash.a(spi_flash_raw.o)
                0x0000000040101640                spi_user_cmd_raw
 *fill*         0x0000000040101a17        0x1 
 .text.spi_flash_switch_to_qio_raw
                0x0000000040101a18       0x25 /root/gisunlink/build/bootloader/spi_flash/libspi_flash.a(spi_flash_raw.o)
                0x0000000040101a18                spi_flash_switch_to_qio_raw
 *fill*         0x0000000040101a3d        0x3 
 .text.uart_putc
                0x0000000040101a40       0x21 /root/gisunlink/build/bootloader/esp8266/libesp8266.a(ets_printf.o)
 *fill*         0x0000000040101a61        0x3 
 .text.ets_putc
                0x0000000040101a64       0x27 /root/gisunlink/build/bootloader/esp8266/libesp8266.a(ets_printf.o)
                0x0000000040101a64                ets_putc
 *fill*         0x0000000040101a8b        0x1 
 .text.ets_vprintf
                0x0000000040101a8c       0x1f /root/gisunlink/build/bootloader/esp8266/libesp8266.a(ets_printf.o)
                0x0000000040101a8c                ets_vprintf
 *fill*         0x0000000040101aab        0x1 
 .text.ets_printf
                0x0000000040101aac       0x27 /root/gisunlink/build/bootloader/esp8266/libesp8266.a(ets_printf.o)
                                         0x2b (size before relaxing)
                0x0000000040101aac                ets_printf
 *fill*         0x0000000040101ad3        0x1 
 .text.crc32_le
                0x0000000040101ad4       0x2f /root/gisunlink/build/bootloader/esp8266/libesp8266.a(crc.o)
                0x0000000040101ad4                crc32_le
 *fill*         0x0000000040101b03        0x1 
 .text.phy_reg_default
                0x0000000040101b04       0x36 /root/esp/ESP8266_RTOS_SDK/components/esp8266/lib/libcore.a(phy.o)
                0x0000000040101b14                phy_reg_default
 *fill*         0x0000000040101b3a        0x2 
 .text.uart_div_modify
                0x0000000040101b3c       0x48 /root/esp/ESP8266_RTOS_SDK/components/esp8266/lib/libcore.a(uart.o)
                                         0x50 (size before relaxing)
                0x0000000040101b44                uart_div_modify
 *fill*         0x0000000040101b84        0x0 
 *fill*         0x0000000040101b84        0x0 
 *fill*         0x0000000040101b84        0x0 
 *fill*         0x0000000040101b84        0x0 
 *fill*         0x0000000040101b84        0x0 
 *fill*         0x0000000040101b84        0x0 
 *fill*         0x0000000040101b84        0x0 
 .text.index_to_partition
                0x0000000040101b84       0x4b /root/gisunlink/build/bootloader/bootloader_support/libbootloader_support.a(bootloader_utility.o)
 *fill*         0x0000000040101bcf        0x0 
 *fill*         0x0000000040101bcf        0x0 
 *fill*         0x0000000040101bcf        0x0 
 *fill*         0x0000000040101bcf        0x0 
 *fill*         0x0000000040101bcf        0x0 
 *fill*         0x0000000040101bcf        0x0 
 *fill*         0x0000000040101bcf        0x0 
 *fill*         0x0000000040101bcf        0x1 
 .text.verify_segment_header
                0x0000000040101bd0        0x4 /root/gisunlink/build/bootloader/bootloader_support/libbootloader_support.a(esp_image_format.o)
 *fill*         0x0000000040101bd4        0x0 
 *fill*         0x0000000040101bd4        0x0 
 *fill*         0x0000000040101bd4        0x0 
 *fill*         0x0000000040101bd4        0x0 
 *fill*         0x0000000040101bd4        0x0 
 *fill*         0x0000000040101bd4        0x0 
 *fill*         0x0000000040101bd4        0x0 
 *fill*         0x0000000040101bd4        0x0 
 *fill*         0x0000000040101bd4        0x0 
 *fill*         0x0000000040101bd4        0x0 
 *fill*         0x0000000040101bd4        0x0 
 *fill*         0x0000000040101bd4        0x0 
 *fill*         0x0000000040101bd4        0x0 
 *fill*         0x0000000040101bd4        0x0 
 *fill*         0x0000000040101bd4        0x0 
 *fill*         0x0000000040101bd4        0x0 
 *fill*         0x0000000040101bd4        0x0 
 *fill*         0x0000000040101bd4        0x0 
 *fill*         0x0000000040101bd4        0x0 
 *fill*         0x0000000040101bd4        0x0 
 *fill*         0x0000000040101bd4        0x0 
 *fill*         0x0000000040101bd4        0x0 
 *fill*         0x0000000040101bd4        0x0 
 *fill*         0x0000000040101bd4        0x0 
 *fill*         0x0000000040101bd4        0x0 
 *fill*         0x0000000040101bd4        0x0 
 *fill*         0x0000000040101bd4        0x0 
 *fill*         0x0000000040101bd4        0x0 
 *fill*         0x0000000040101bd4        0x0 
 *fill*         0x0000000040101bd4        0x0 
 *fill*         0x0000000040101bd4        0x0 
 *fill*         0x0000000040101bd4        0x0 
 *fill*         0x0000000040101bd4        0x0 
 *fill*         0x0000000040101bd4        0x0 
 *(.iram1 .iram1.*)
 .iram1.0       0x0000000040101bd4       0x18 /root/gisunlink/build/bootloader/log/liblog.a(log.o)
                0x0000000040101bd4                esp_log_early_timestamp
 .iram1.1       0x0000000040101bec       0x92 /root/gisunlink/build/bootloader/log/liblog.a(log.o)
                                         0x9d (size before relaxing)
                0x0000000040101bec                esp_early_log_write
 *(.fini.literal)
 *(.fini)
 *(.gnu.version)
                0x0000000040101c7e                _text_end = ABSOLUTE (.)
                0x0000000040101c7e                _etext = .

.bss            0x000000003ffe8000      0x408
                0x000000003ffe8000                . = ALIGN (0x8)
                0x000000003ffe8000                _bss_start = ABSOLUTE (.)
 *(.dynsbss)
 *(.sbss)
 *(.sbss.*)
 *(.gnu.linkonce.sb.*)
 *(.scommon)
 *(.sbss2)
 *(.sbss2.*)
 *(.gnu.linkonce.sb2.*)
 *(.dynbss)
 *(.bss)
 *(.bss.*)
 .bss.pbuf$3468
                0x000000003ffe8000      0x400 /root/gisunlink/build/bootloader/bootloader_support/libbootloader_support.a(esp_image_format.o)
 .bss.mapped    0x000000003ffe8400        0x1 /root/gisunlink/build/bootloader/bootloader_support/libbootloader_support.a(bootloader_flash.o)
 .bss.FlashIsOnGoing
                0x000000003ffe8401        0x1 /root/gisunlink/build/bootloader/spi_flash/libspi_flash.a(spi_flash.o)
                0x000000003ffe8401                FlashIsOnGoing
 *(.gnu.linkonce.b.*)
 *(COMMON)
                0x000000003ffe8408                . = ALIGN (0x8)
 *fill*         0x000000003ffe8402        0x6 
                0x000000003ffe8408                _bss_end = ABSOLUTE (.)

.data           0x000000003ffe8408       0x18
                0x000000003ffe8408                _data_start = ABSOLUTE (.)
 *(.data)
 *(.data.*)
 .data.g_rom_flashchip
                0x000000003ffe8408       0x18 /root/gisunlink/build/bootloader/spi_flash/libspi_flash.a(spi_flash.o)
                0x000000003ffe8408                g_rom_flashchip
 *(.gnu.linkonce.d.*)
 *(.data1)
 *(.sdata)
 *(.sdata.*)
 *(.gnu.linkonce.s.*)
 *(.sdata2)
 *(.sdata2.*)
 *(.gnu.linkonce.s2.*)
 *(.jcr)
                0x000000003ffe8420                _data_end = ABSOLUTE (.)

.rodata         0x000000003ffe8420      0xdcc
                0x000000003ffe8420                _rodata_start = ABSOLUTE (.)
 *(.rodata)
 *(.rodata.*)
 .rodata.str1.4
                0x000000003ffe8420       0x21 /root/gisunlink/build/bootloader/main/libmain.a(bootloader_start.o)
 *fill*         0x000000003ffe8441        0x3 
 .rodata.str1.4
                0x000000003ffe8444       0xf6 /root/gisunlink/build/bootloader/bootloader_support/libbootloader_support.a(bootloader_init.o)
                                        0x102 (size before relaxing)
 *fill*         0x000000003ffe853a        0x2 
 .rodata.print_flash_info
                0x000000003ffe853c       0x28 /root/gisunlink/build/bootloader/bootloader_support/libbootloader_support.a(bootloader_init.o)
 .rodata.str1.4
                0x000000003ffe8564      0x356 /root/gisunlink/build/bootloader/bootloader_support/libbootloader_support.a(bootloader_utility.o)
                                        0x35e (size before relaxing)
 *fill*         0x000000003ffe88ba        0x2 
 .rodata.str1.4
                0x000000003ffe88bc       0xb4 /root/gisunlink/build/bootloader/bootloader_support/libbootloader_support.a(flash_partitions.o)
 .rodata.str1.4
                0x000000003ffe8970      0x26b /root/gisunlink/build/bootloader/bootloader_support/libbootloader_support.a(esp_image_format.o)
                                        0x26f (size before relaxing)
 *fill*         0x000000003ffe8bdb        0x1 
 .rodata.str1.4
                0x000000003ffe8bdc      0x19f /root/gisunlink/build/bootloader/bootloader_support/libbootloader_support.a(bootloader_flash.o)
 *fill*         0x000000003ffe8d7b        0x1 
 .rodata.str1.4
                0x000000003ffe8d7c       0x29 /root/gisunlink/build/bootloader/spi_flash/libspi_flash.a(spi_flash.o)
 *fill*         0x000000003ffe8da5        0x3 
 .rodata.str1.4
                0x000000003ffe8da8       0x24 /root/gisunlink/build/bootloader/log/liblog.a(log.o)
                                         0x22 (size before relaxing)
 .rodata.s_log_prefix
                0x000000003ffe8dcc        0x6 /root/gisunlink/build/bootloader/log/liblog.a(log.o)
 *fill*         0x000000003ffe8dd2        0x2 
 .rodata.s_log_color
                0x000000003ffe8dd4       0x18 /root/gisunlink/build/bootloader/log/liblog.a(log.o)
 .rodata.crc32_le_table
                0x000000003ffe8dec      0x400 /root/gisunlink/build/bootloader/esp8266/libesp8266.a(crc.o)
 *(.gnu.linkonce.r.*)
 *(.rodata1)
                0x000000003ffe91ec                __XT_EXCEPTION_TABLE_ = ABSOLUTE (.)
 *(.xt_except_table)
 *(.gcc_except_table)
 *(.gnu.linkonce.e.*)
 *(.gnu.version_r)
 *(.eh_frame)
                0x000000003ffe91ec                . = ((. + 0x3) & 0xfffffffffffffffc)
                0x000000003ffe91ec                __init_array_start = ABSOLUTE (.)
 *crtbegin.o(.ctors)
 *(EXCLUDE_FILE(*crtend.o) .ctors)
 *(SORT(.ctors.*))
 *(.ctors)
                0x000000003ffe91ec                __init_array_end = ABSOLUTE (.)
 *crtbegin.o(.dtors)
 *(EXCLUDE_FILE(*crtend.o) .dtors)
 *(SORT(.dtors.*))
 *(.dtors)
                0x000000003ffe91ec                __XT_EXCEPTION_DESCS_ = ABSOLUTE (.)
 *(.xt_except_desc)
 *(.gnu.linkonce.h.*)
                0x000000003ffe91ec                __XT_EXCEPTION_DESCS_END__ = ABSOLUTE (.)
 *(.xt_except_desc_end)
 *(.dynamic)
 *(.gnu.version_d)
                0x000000003ffe91ec                _rodata_end = ABSOLUTE (.)
                0x000000003ffe91ec                _lit4_start = ABSOLUTE (.)
 *(*.lit4)
 *(.lit4.*)
 *(.gnu.linkonce.lit4.*)
                0x000000003ffe91ec                _lit4_end = ABSOLUTE (.)
                0x000000003ffe91ec                . = ALIGN (0x4)
                0x000000003ffe91ec                _heap_start = ABSOLUTE (.)
                0x0000000060001100                PROVIDE (rtc_sys_info, 0x60001100)
                0x00000000400040c0                PROVIDE (SPI_sector_erase, 0x400040c0)
                0x0000000040004174                PROVIDE (SPI_page_program, 0x40004174)
                0x00000000400042ac                PROVIDE (SPI_read_data, 0x400042ac)
                0x00000000400043c8                PROVIDE (SPI_read_status, 0x400043c8)
                0x0000000040004400                PROVIDE (SPI_write_status, 0x40004400)
                0x000000004000443c                PROVIDE (SPI_write_enable, 0x4000443c)
                0x000000004000448c                PROVIDE (Wait_SPI_Idle, 0x4000448c)
                0x00000000400044c0                PROVIDE (Enable_QMode, 0x400044c0)
                [!provide]                        PROVIDE (Disable_QMode, 0x40004508)
                0x0000000040004678                PROVIDE (Cache_Read_Enable, 0x40004678)
                0x00000000400047f0                PROVIDE (Cache_Read_Disable, 0x400047f0)
                [!provide]                        PROVIDE (lldesc_build_chain, 0x40004f40)
                [!provide]                        PROVIDE (lldesc_num2link, 0x40005050)
                [!provide]                        PROVIDE (lldesc_set_owner, 0x4000507c)
                [!provide]                        PROVIDE (__adddf3, 0x4000c538)
                [!provide]                        PROVIDE (__addsf3, 0x4000c180)
                [!provide]                        PROVIDE (__divdf3, 0x4000cb94)
                [!provide]                        PROVIDE (__divdi3, 0x4000ce60)
                [!provide]                        PROVIDE (__divsi3, 0x4000dc88)
                [!provide]                        PROVIDE (__extendsfdf2, 0x4000cdfc)
                [!provide]                        PROVIDE (__fixdfsi, 0x4000ccb8)
                [!provide]                        PROVIDE (__fixunsdfsi, 0x4000cd00)
                [!provide]                        PROVIDE (__fixunssfsi, 0x4000c4c4)
                [!provide]                        PROVIDE (__floatsidf, 0x4000e2f0)
                [!provide]                        PROVIDE (__floatsisf, 0x4000e2ac)
                [!provide]                        PROVIDE (__floatunsidf, 0x4000e2e8)
                [!provide]                        PROVIDE (__floatunsisf, 0x4000e2a4)
                [!provide]                        PROVIDE (__muldf3, 0x4000c8f0)
                [!provide]                        PROVIDE (__muldi3, 0x40000650)
                [!provide]                        PROVIDE (__mulsf3, 0x4000c3dc)
                [!provide]                        PROVIDE (__subdf3, 0x4000c688)
                [!provide]                        PROVIDE (__subsf3, 0x4000c268)
                [!provide]                        PROVIDE (__truncdfsf2, 0x4000cd5c)
                [!provide]                        PROVIDE (__udivdi3, 0x4000d310)
                0x000000004000e21c                PROVIDE (__udivsi3, 0x4000e21c)
                [!provide]                        PROVIDE (__umoddi3, 0x4000d770)
                0x000000004000e268                PROVIDE (__umodsi3, 0x4000e268)
                [!provide]                        PROVIDE (__umulsidi3, 0x4000dcf0)
                [!provide]                        PROVIDE (bzero, 0x4000de84)
                [!provide]                        PROVIDE (memcmp, 0x4000dea8)
                0x000000004000df48                PROVIDE (memcpy, 0x4000df48)
                [!provide]                        PROVIDE (memmove, 0x4000e04c)
                0x000000004000e190                PROVIDE (memset, 0x4000e190)
                [!provide]                        PROVIDE (strcmp, 0x4000bdc8)
                [!provide]                        PROVIDE (strcpy, 0x4000bec8)
                [!provide]                        PROVIDE (strlen, 0x4000bf4c)
                [!provide]                        PROVIDE (strncmp, 0x4000bfa8)
                [!provide]                        PROVIDE (strncpy, 0x4000c0a0)
                [!provide]                        PROVIDE (strstr, 0x4000e1e0)
                0x0000000040004cf0                PROVIDE (gpio_input_get, 0x40004cf0)
                [!provide]                        PROVIDE (gpio_pin_wakeup_disable, 0x40004ed4)
                [!provide]                        PROVIDE (gpio_pin_wakeup_enable, 0x40004e90)
                0x0000000040001f00                PROVIDE (ets_io_vprintf, 0x40001f00)
                [!provide]                        PROVIDE (uart_rx_one_char, 0x40003b8c)
                [!provide]                        PROVIDE (rom_i2c_readReg, 0x40007268)
                [!provide]                        PROVIDE (rom_i2c_readReg_Mask, 0x4000729c)
                [!provide]                        PROVIDE (rom_i2c_writeReg, 0x400072d8)
                [!provide]                        PROVIDE (rom_i2c_writeReg_Mask, 0x4000730c)
                [!provide]                        PROVIDE (rom_software_reboot, 0x40000080)
                [!provide]                        PROVIDE (ets_memcpy, 0x400018b4)
                0x0000000040004b1c                PROVIDE (SPIRead, 0x40004b1c)
                0x0000000040004a4c                PROVIDE (SPIWrite, 0x40004a4c)
                0x0000000040004a00                PROVIDE (SPIEraseSector, 0x40004a00)
                [!provide]                        PROVIDE (gpio_input_get, 0x40004cf0)
                [!provide]                        PROVIDE (xthal_get_ccount, 0x4000dd38)
                [!provide]                        PROVIDE (uart_div_modify, 0x400039d8)
                [!provide]                        PROVIDE (ets_io_vprintf, 0x40001f00)
OUTPUT(/root/gisunlink/build/bootloader/bootloader.elf elf32-xtensa-le)

.debug_frame    0x0000000000000000      0xabc
 .debug_frame   0x0000000000000000       0x74 /root/gisunlink/build/bootloader/main/libmain.a(bootloader_start.o)
 .debug_frame   0x0000000000000074       0xb4 /root/gisunlink/build/bootloader/bootloader_support/libbootloader_support.a(bootloader_init.o)
 .debug_frame   0x0000000000000128       0xfc /root/gisunlink/build/bootloader/bootloader_support/libbootloader_support.a(bootloader_utility.o)
 .debug_frame   0x0000000000000224       0x74 /root/gisunlink/build/bootloader/bootloader_support/libbootloader_support.a(bootloader_common.o)
 .debug_frame   0x0000000000000298       0x38 /root/gisunlink/build/bootloader/bootloader_support/libbootloader_support.a(flash_partitions.o)
 .debug_frame   0x00000000000002d0      0x13c /root/gisunlink/build/bootloader/bootloader_support/libbootloader_support.a(esp_image_format.o)
 .debug_frame   0x000000000000040c       0xdc /root/gisunlink/build/bootloader/bootloader_support/libbootloader_support.a(bootloader_flash.o)
 .debug_frame   0x00000000000004e8      0x350 /root/gisunlink/build/bootloader/spi_flash/libspi_flash.a(spi_flash.o)
 .debug_frame   0x0000000000000838      0x16c /root/gisunlink/build/bootloader/spi_flash/libspi_flash.a(spi_flash_raw.o)
 .debug_frame   0x00000000000009a4       0x58 /root/gisunlink/build/bootloader/log/liblog.a(log.o)
 .debug_frame   0x00000000000009fc       0x80 /root/gisunlink/build/bootloader/esp8266/libesp8266.a(ets_printf.o)
 .debug_frame   0x0000000000000a7c       0x40 /root/gisunlink/build/bootloader/esp8266/libesp8266.a(crc.o)

.debug_info     0x0000000000000000     0x51cc
 .debug_info    0x0000000000000000      0x4b5 /root/gisunlink/build/bootloader/main/libmain.a(bootloader_start.o)
 .debug_info    0x00000000000004b5      0x4fd /root/gisunlink/build/bootloader/bootloader_support/libbootloader_support.a(bootloader_init.o)
 .debug_info    0x00000000000009b2      0xcf2 /root/gisunlink/build/bootloader/bootloader_support/libbootloader_support.a(bootloader_utility.o)
 .debug_info    0x00000000000016a4      0x341 /root/gisunlink/build/bootloader/bootloader_support/libbootloader_support.a(bootloader_common.o)
 .debug_info    0x00000000000019e5      0x3d6 /root/gisunlink/build/bootloader/bootloader_support/libbootloader_support.a(flash_partitions.o)
 .debug_info    0x0000000000001dbb      0xcf6 /root/gisunlink/build/bootloader/bootloader_support/libbootloader_support.a(esp_image_format.o)
 .debug_info    0x0000000000002ab1      0x547 /root/gisunlink/build/bootloader/bootloader_support/libbootloader_support.a(bootloader_flash.o)
 .debug_info    0x0000000000002ff8     0x134f /root/gisunlink/build/bootloader/spi_flash/libspi_flash.a(spi_flash.o)
 .debug_info    0x0000000000004347      0x756 /root/gisunlink/build/bootloader/spi_flash/libspi_flash.a(spi_flash_raw.o)
 .debug_info    0x0000000000004a9d      0x307 /root/gisunlink/build/bootloader/log/liblog.a(log.o)
 .debug_info    0x0000000000004da4      0x21f /root/gisunlink/build/bootloader/esp8266/libesp8266.a(ets_printf.o)
 .debug_info    0x0000000000004fc3      0x209 /root/gisunlink/build/bootloader/esp8266/libesp8266.a(crc.o)

.debug_abbrev   0x0000000000000000     0x1444
 .debug_abbrev  0x0000000000000000      0x18e /root/gisunlink/build/bootloader/main/libmain.a(bootloader_start.o)
 .debug_abbrev  0x000000000000018e      0x1c1 /root/gisunlink/build/bootloader/bootloader_support/libbootloader_support.a(bootloader_init.o)
 .debug_abbrev  0x000000000000034f      0x238 /root/gisunlink/build/bootloader/bootloader_support/libbootloader_support.a(bootloader_utility.o)
 .debug_abbrev  0x0000000000000587      0x1aa /root/gisunlink/build/bootloader/bootloader_support/libbootloader_support.a(bootloader_common.o)
 .debug_abbrev  0x0000000000000731      0x16e /root/gisunlink/build/bootloader/bootloader_support/libbootloader_support.a(flash_partitions.o)
 .debug_abbrev  0x000000000000089f      0x1e6 /root/gisunlink/build/bootloader/bootloader_support/libbootloader_support.a(esp_image_format.o)
 .debug_abbrev  0x0000000000000a85      0x173 /root/gisunlink/build/bootloader/bootloader_support/libbootloader_support.a(bootloader_flash.o)
 .debug_abbrev  0x0000000000000bf8      0x306 /root/gisunlink/build/bootloader/spi_flash/libspi_flash.a(spi_flash.o)
 .debug_abbrev  0x0000000000000efe      0x176 /root/gisunlink/build/bootloader/spi_flash/libspi_flash.a(spi_flash_raw.o)
 .debug_abbrev  0x0000000000001074      0x1c8 /root/gisunlink/build/bootloader/log/liblog.a(log.o)
 .debug_abbrev  0x000000000000123c      0x159 /root/gisunlink/build/bootloader/esp8266/libesp8266.a(ets_printf.o)
 .debug_abbrev  0x0000000000001395       0xaf /root/gisunlink/build/bootloader/esp8266/libesp8266.a(crc.o)

.debug_loc      0x0000000000000000     0x31ab
 .debug_loc     0x0000000000000000       0x76 /root/gisunlink/build/bootloader/main/libmain.a(bootloader_start.o)
 .debug_loc     0x0000000000000076       0xf6 /root/gisunlink/build/bootloader/bootloader_support/libbootloader_support.a(bootloader_init.o)
 .debug_loc     0x000000000000016c      0x5b1 /root/gisunlink/build/bootloader/bootloader_support/libbootloader_support.a(bootloader_utility.o)
 .debug_loc     0x000000000000071d      0x2e6 /root/gisunlink/build/bootloader/bootloader_support/libbootloader_support.a(bootloader_common.o)
 .debug_loc     0x0000000000000a03      0x108 /root/gisunlink/build/bootloader/bootloader_support/libbootloader_support.a(flash_partitions.o)
 .debug_loc     0x0000000000000b0b      0x991 /root/gisunlink/build/bootloader/bootloader_support/libbootloader_support.a(esp_image_format.o)
 .debug_loc     0x000000000000149c      0x3a7 /root/gisunlink/build/bootloader/bootloader_support/libbootloader_support.a(bootloader_flash.o)
 .debug_loc     0x0000000000001843     0x10ba /root/gisunlink/build/bootloader/spi_flash/libspi_flash.a(spi_flash.o)
 .debug_loc     0x00000000000028fd      0x5a0 /root/gisunlink/build/bootloader/spi_flash/libspi_flash.a(spi_flash_raw.o)
 .debug_loc     0x0000000000002e9d       0xe1 /root/gisunlink/build/bootloader/log/liblog.a(log.o)
 .debug_loc     0x0000000000002f7e       0x9b /root/gisunlink/build/bootloader/esp8266/libesp8266.a(ets_printf.o)
 .debug_loc     0x0000000000003019      0x192 /root/gisunlink/build/bootloader/esp8266/libesp8266.a(crc.o)

.debug_aranges  0x0000000000000000      0x3a0
 .debug_aranges
                0x0000000000000000       0x30 /root/gisunlink/build/bootloader/main/libmain.a(bootloader_start.o)
 .debug_aranges
                0x0000000000000030       0x40 /root/gisunlink/build/bootloader/bootloader_support/libbootloader_support.a(bootloader_init.o)
 .debug_aranges
                0x0000000000000070       0x50 /root/gisunlink/build/bootloader/bootloader_support/libbootloader_support.a(bootloader_utility.o)
 .debug_aranges
                0x00000000000000c0       0x30 /root/gisunlink/build/bootloader/bootloader_support/libbootloader_support.a(bootloader_common.o)
 .debug_aranges
                0x00000000000000f0       0x20 /root/gisunlink/build/bootloader/bootloader_support/libbootloader_support.a(flash_partitions.o)
 .debug_aranges
                0x0000000000000110       0x60 /root/gisunlink/build/bootloader/bootloader_support/libbootloader_support.a(esp_image_format.o)
 .debug_aranges
                0x0000000000000170       0x48 /root/gisunlink/build/bootloader/bootloader_support/libbootloader_support.a(bootloader_flash.o)
 .debug_aranges
                0x00000000000001b8       0xe8 /root/gisunlink/build/bootloader/spi_flash/libspi_flash.a(spi_flash.o)
 .debug_aranges
                0x00000000000002a0       0x70 /root/gisunlink/build/bootloader/spi_flash/libspi_flash.a(spi_flash_raw.o)
 .debug_aranges
                0x0000000000000310       0x28 /root/gisunlink/build/bootloader/log/liblog.a(log.o)
 .debug_aranges
                0x0000000000000338       0x38 /root/gisunlink/build/bootloader/esp8266/libesp8266.a(ets_printf.o)
 .debug_aranges
                0x0000000000000370       0x30 /root/gisunlink/build/bootloader/esp8266/libesp8266.a(crc.o)

.debug_ranges   0x0000000000000000      0x3f8
 .debug_ranges  0x0000000000000000       0x20 /root/gisunlink/build/bootloader/main/libmain.a(bootloader_start.o)
 .debug_ranges  0x0000000000000020       0x30 /root/gisunlink/build/bootloader/bootloader_support/libbootloader_support.a(bootloader_init.o)
 .debug_ranges  0x0000000000000050       0x40 /root/gisunlink/build/bootloader/bootloader_support/libbootloader_support.a(bootloader_utility.o)
 .debug_ranges  0x0000000000000090       0x20 /root/gisunlink/build/bootloader/bootloader_support/libbootloader_support.a(bootloader_common.o)
 .debug_ranges  0x00000000000000b0       0x40 /root/gisunlink/build/bootloader/bootloader_support/libbootloader_support.a(flash_partitions.o)
 .debug_ranges  0x00000000000000f0       0x80 /root/gisunlink/build/bootloader/bootloader_support/libbootloader_support.a(esp_image_format.o)
 .debug_ranges  0x0000000000000170       0x38 /root/gisunlink/build/bootloader/bootloader_support/libbootloader_support.a(bootloader_flash.o)
 .debug_ranges  0x00000000000001a8      0x190 /root/gisunlink/build/bootloader/spi_flash/libspi_flash.a(spi_flash.o)
 .debug_ranges  0x0000000000000338       0x60 /root/gisunlink/build/bootloader/spi_flash/libspi_flash.a(spi_flash_raw.o)
 .debug_ranges  0x0000000000000398       0x18 /root/gisunlink/build/bootloader/log/liblog.a(log.o)
 .debug_ranges  0x00000000000003b0       0x28 /root/gisunlink/build/bootloader/esp8266/libesp8266.a(ets_printf.o)
 .debug_ranges  0x00000000000003d8       0x20 /root/gisunlink/build/bootloader/esp8266/libesp8266.a(crc.o)

.debug_line     0x0000000000000000     0x396d
 .debug_line    0x0000000000000000      0x323 /root/gisunlink/build/bootloader/main/libmain.a(bootloader_start.o)
 .debug_line    0x0000000000000323      0x463 /root/gisunlink/build/bootloader/bootloader_support/libbootloader_support.a(bootloader_init.o)
 .debug_line    0x0000000000000786      0x77a /root/gisunlink/build/bootloader/bootloader_support/libbootloader_support.a(bootloader_utility.o)
 .debug_line    0x0000000000000f00      0x2f4 /root/gisunlink/build/bootloader/bootloader_support/libbootloader_support.a(bootloader_common.o)
 .debug_line    0x00000000000011f4      0x30c /root/gisunlink/build/bootloader/bootloader_support/libbootloader_support.a(flash_partitions.o)
 .debug_line    0x0000000000001500      0x6ff /root/gisunlink/build/bootloader/bootloader_support/libbootloader_support.a(esp_image_format.o)
 .debug_line    0x0000000000001bff      0x3bd /root/gisunlink/build/bootloader/bootloader_support/libbootloader_support.a(bootloader_flash.o)
 .debug_line    0x0000000000001fbc      0xcc5 /root/gisunlink/build/bootloader/spi_flash/libspi_flash.a(spi_flash.o)
 .debug_line    0x0000000000002c81      0x60e /root/gisunlink/build/bootloader/spi_flash/libspi_flash.a(spi_flash_raw.o)
 .debug_line    0x000000000000328f      0x2fd /root/gisunlink/build/bootloader/log/liblog.a(log.o)
 .debug_line    0x000000000000358c      0x22f /root/gisunlink/build/bootloader/esp8266/libesp8266.a(ets_printf.o)
 .debug_line    0x00000000000037bb      0x1b2 /root/gisunlink/build/bootloader/esp8266/libesp8266.a(crc.o)

.debug_str      0x0000000000000000     0x16e9
 .debug_str     0x0000000000000000      0x441 /root/gisunlink/build/bootloader/main/libmain.a(bootloader_start.o)
                                        0x4ca (size before relaxing)
 .debug_str     0x0000000000000441      0x2e7 /root/gisunlink/build/bootloader/bootloader_support/libbootloader_support.a(bootloader_init.o)
                                        0x582 (size before relaxing)
 .debug_str     0x0000000000000728      0x256 /root/gisunlink/build/bootloader/bootloader_support/libbootloader_support.a(bootloader_utility.o)
                                        0x6e2 (size before relaxing)
 .debug_str     0x000000000000097e      0x161 /root/gisunlink/build/bootloader/bootloader_support/libbootloader_support.a(bootloader_common.o)
                                        0x36d (size before relaxing)
 .debug_str     0x0000000000000adf       0xd9 /root/gisunlink/build/bootloader/bootloader_support/libbootloader_support.a(flash_partitions.o)
                                        0x39b (size before relaxing)
 .debug_str     0x0000000000000bb8      0x1c6 /root/gisunlink/build/bootloader/bootloader_support/libbootloader_support.a(esp_image_format.o)
                                        0x763 (size before relaxing)
 .debug_str     0x0000000000000d7e      0x12c /root/gisunlink/build/bootloader/bootloader_support/libbootloader_support.a(bootloader_flash.o)
                                        0x394 (size before relaxing)
 .debug_str     0x0000000000000eaa      0x519 /root/gisunlink/build/bootloader/spi_flash/libspi_flash.a(spi_flash.o)
                                        0x905 (size before relaxing)
 .debug_str     0x00000000000013c3      0x122 /root/gisunlink/build/bootloader/spi_flash/libspi_flash.a(spi_flash_raw.o)
                                        0x4ae (size before relaxing)
 .debug_str     0x00000000000014e5       0xf5 /root/gisunlink/build/bootloader/log/liblog.a(log.o)
                                        0x2b0 (size before relaxing)
 .debug_str     0x00000000000015da       0x96 /root/gisunlink/build/bootloader/esp8266/libesp8266.a(ets_printf.o)
                                        0x202 (size before relaxing)
 .debug_str     0x0000000000001670       0x79 /root/gisunlink/build/bootloader/esp8266/libesp8266.a(crc.o)
                                        0x19d (size before relaxing)

.comment        0x0000000000000000       0x75
 .comment       0x0000000000000000       0x3b /root/gisunlink/build/bootloader/main/libmain.a(bootloader_start.o)
                                         0x3c (size before relaxing)
 .comment       0x000000000000003b       0x3c /root/gisunlink/build/bootloader/bootloader_support/libbootloader_support.a(bootloader_init.o)
 .comment       0x000000000000003b       0x3c /root/gisunlink/build/bootloader/bootloader_support/libbootloader_support.a(bootloader_utility.o)
 .comment       0x000000000000003b       0x3c /root/gisunlink/build/bootloader/bootloader_support/libbootloader_support.a(bootloader_common.o)
 .comment       0x000000000000003b       0x3c /root/gisunlink/build/bootloader/bootloader_support/libbootloader_support.a(flash_partitions.o)
 .comment       0x000000000000003b       0x3c /root/gisunlink/build/bootloader/bootloader_support/libbootloader_support.a(esp_image_format.o)
 .comment       0x000000000000003b       0x3c /root/gisunlink/build/bootloader/bootloader_support/libbootloader_support.a(bootloader_flash.o)
 .comment       0x000000000000003b       0x3c /root/gisunlink/build/bootloader/spi_flash/libspi_flash.a(spi_flash.o)
 .comment       0x000000000000003b       0x3c /root/gisunlink/build/bootloader/spi_flash/libspi_flash.a(spi_flash_raw.o)
 .comment       0x000000000000003b       0x3c /root/gisunlink/build/bootloader/log/liblog.a(log.o)
 .comment       0x000000000000003b       0x3c /root/gisunlink/build/bootloader/esp8266/libesp8266.a(ets_printf.o)
 .comment       0x000000000000003b       0x3c /root/gisunlink/build/bootloader/esp8266/libesp8266.a(crc.o)
 .comment       0x000000000000003b       0x3a /root/esp/ESP8266_RTOS_SDK/components/esp8266/lib/libcore.a(phy.o)
                                         0x3b (size before relaxing)
 .comment       0x0000000000000075       0x3b /root/esp/ESP8266_RTOS_SDK/components/esp8266/lib/libcore.a(uart.o)

.xtensa.info    0x0000000000000000       0x38
 .xtensa.info   0x0000000000000000       0x38 /root/gisunlink/build/bootloader/main/libmain.a(bootloader_start.o)
 .xtensa.info   0x0000000000000038        0x0 /root/gisunlink/build/bootloader/bootloader_support/libbootloader_support.a(bootloader_init.o)
 .xtensa.info   0x0000000000000038        0x0 /root/gisunlink/build/bootloader/bootloader_support/libbootloader_support.a(bootloader_utility.o)
 .xtensa.info   0x0000000000000038        0x0 /root/gisunlink/build/bootloader/bootloader_support/libbootloader_support.a(bootloader_common.o)
 .xtensa.info   0x0000000000000038        0x0 /root/gisunlink/build/bootloader/bootloader_support/libbootloader_support.a(flash_partitions.o)
 .xtensa.info   0x0000000000000038        0x0 /root/gisunlink/build/bootloader/bootloader_support/libbootloader_support.a(esp_image_format.o)
 .xtensa.info   0x0000000000000038        0x0 /root/gisunlink/build/bootloader/bootloader_support/libbootloader_support.a(bootloader_flash.o)
 .xtensa.info   0x0000000000000038        0x0 /root/gisunlink/build/bootloader/spi_flash/libspi_flash.a(spi_flash.o)
 .xtensa.info   0x0000000000000038        0x0 /root/gisunlink/build/bootloader/spi_flash/libspi_flash.a(spi_flash_raw.o)
 .xtensa.info   0x0000000000000038        0x0 /root/gisunlink/build/bootloader/log/liblog.a(log.o)
 .xtensa.info   0x0000000000000038        0x0 /root/gisunlink/build/bootloader/esp8266/libesp8266.a(ets_printf.o)
 .xtensa.info   0x0000000000000038        0x0 /root/gisunlink/build/bootloader/esp8266/libesp8266.a(crc.o)
 .xtensa.info   0x0000000000000038        0x0 /root/esp/ESP8266_RTOS_SDK/components/esp8266/lib/libcore.a(phy.o)
 .xtensa.info   0x0000000000000038        0x0 /root/esp/ESP8266_RTOS_SDK/components/esp8266/lib/libcore.a(uart.o)
